
> dangerous-doppler@0.0.1 build
> vite build

[36mvite v6.4.1 [32mbuilding for production...[36m[39m
transforming...
[32mÔ£ô[39m 3 modules transformed.
node.exe : 
[31mÔ£ù[39m Build 
failed in 189ms
At line:1 char:1
+ & "C:\Program 
Files\nodejs/node.exe" 
"C:\Program 
Files\nodejs/node_mo 
...
+ ~~~~~~~~~~~~~~~~~~~~~
~~~~~~~~~~~~~~~~~~~~~~~
~~~~~~~~~~~~~~~~~~~~~~~
~~
    + CategoryInfo     
         : NotSpecifi  
  ed: ([31mÔ£ù[39m   
  Build failed in 1    
89ms:String) [], R    
emoteException
    + FullyQualifiedEr 
   rorId : NativeComm  
  andError
 
[31merror during 
build:
[31m[vite:esbuild] 
Transform failed with 
1 error:
C:/Users/abhir/Download
s/Printos Website/dange
rous-doppler/src/compon
ents/App.tsx:1455:14: 
ERROR: Unterminated 
regular expression[31m
file: [36mC:/Users/abh
ir/Downloads/Printos We
bsite/dangerous-doppler
/src/components/App.tsx
:1455:14[31m
[33m
[33mUnterminated 
regular expression[33m
1453|              
</div>
1454|  
1455|          </div>
   |                ^
1456|      );
1457|  }
[31m
    at 
failureErrorWithLog (C:
\Users\abhir\Downloads\
Printos Website\dangero
us-doppler\node_modules
\vite\node_modules\esbu
ild\lib\main.js:1467:15
)
    at C:\Users\abhir\D
ownloads\Printos Websit
e\dangerous-doppler\nod
e_modules\vite\node_mod
ules\esbuild\lib\main.j
s:736:50
    at responseCallback
s.<computed> (C:\Users\
abhir\Downloads\Printos
 Website\dangerous-dopp
ler\node_modules\vite\n
ode_modules\esbuild\lib
\main.js:603:9)
    at 
handleIncomingPacket (C
:\Users\abhir\Downloads
\Printos Website\danger
ous-doppler\node_module
s\vite\node_modules\esb
uild\lib\main.js:658:12
)
    at 
Socket.readFromStdout (
C:\Users\abhir\Download
s\Printos Website\dange
rous-doppler\node_modul
es\vite\node_modules\es
build\lib\main.js:581:7
)
    at Socket.emit 
(node:events:508:28)
    at addChunk (node:i
nternal/streams/readabl
e:559:12)
    at readableAddChunk
PushByteMode (node:inte
rnal/streams/readable:5
10:3)
    at Readable.push (n
ode:internal/streams/re
adable:390:5)
    at 
Pipe.onStreamRead (node
:internal/stream_base_c
ommons:189:23)[39m
