src/components/App.tsx(18,2): error TS1005: ',' expected.
src/components/App.tsx(31,1): error TS1005: '}' expected.
